Microchip MPLAB XC8 Compiler V1.33 ()

Linker command line:

--edf=C:\Program Files\Microchip\xc8\v1.33\dat\en_msgs.txt -cs -h+npwt.sym \
  --cmf=npwt.cmf -z -Q18F46J11 \
  -oC:\Users\ADMINI~1\AppData\Local\Temp\s7c4.6 -Mnpwt.map -E1 -ver=XC8 \
  -ASTACK=015Ah-09ffh -pstack=STACK -ACODE=00h-0FFF7h -ACONST=00h-0FFF7h \
  -ASMALLCONST=0F00h-0FFFhx240,0FF00h-0FFF7h -AMEDIUMCONST=0F00h-0FFF7h \
  -ACOMRAM=01h-05Fh -AABS1=00h-0EBFh -ABIGRAM=01h-0EBFh \
  -ARAM=060h-0FFh,0100h-01FFhx13,0E00h-0EBFh -ABANK0=060h-0FFh \
  -ABANK1=0100h-01FFh -ABANK2=0200h-02FFh -ABANK3=0300h-03FFh \
  -ABANK4=0400h-04FFh -ABANK5=0500h-05FFh -ABANK6=0600h-06FFh \
  -ABANK7=0700h-07FFh -ABANK8=0800h-08FFh -ABANK9=0900h-09FFh \
  -ABANK10=0A00h-0AFFh -ABANK11=0B00h-0BFFh -ABANK12=0C00h-0CFFh \
  -ABANK13=0D00h-0DFFh -ABANK14=0E00h-0EBFh \
  -ASFR=0EC0h-0EFFh,0F00h-0F5Fh,0F60h-0FFFh \
  -preset_vec=00h,intcode=08h,intcodelo,powerup,init,end_init \
  -pramtop=0F00h -psmallconst=SMALLCONST -pmediumconst=MEDIUMCONST \
  -pconst=CONST -AFARRAM=00h-00h -ACONFIG=0FFF8h-0FFFFh -pconfig=CONFIG \
  -pjflash_buffer=0F800h \
  -prdata=COMRAM,nvrram=COMRAM,nvbit=COMRAM,rbss=COMRAM,rbit=COMRAM \
  -pfarbss=FARRAM,fardata=FARRAM,nvFARRAM=FARRAM \
  -pintsave_regs=BIGRAM,bigbss=BIGRAM,bigdata=BIGRAM -pbss=RAM \
  -pidata=CODE,irdata=CODE,ibigdata=CODE,ifardata=CODE \
  C:\Users\ADMINI~1\AppData\Local\Temp\s7c4.obj npwt.obj 

Object code version is 3.11

Machine type is 18F46J11

Call graph: (short form)




                Name                               Link     Load   Length Selector   Space Scale
C:\Users\ADMINI~1\AppData\Local\Temp\s7c4.obj
                end_init                             84       84        4        4       0
                reset_vec                             0        0        4        0       0
                config                             FFF8     FFF8        8     FFF8       0
npwt.obj        intcode                               8        8       7C        4       0
                mediumconst                        CA84     CA84     3574     6542       0
                text124                            521C     521C       8E        4       0
                text123                            591E     591E       66        4       0
                text122                            505A     505A       9A        4       0
                text121                            5FE8     5FE8       18        4       0
                text120                            4FC0     4FC0       9A        4       0
                text119                            5FD0     5FD0       18        4       0
                text118                            5C26     5C26       48        4       0
                text117                            60DC     60DC        4        4       0
                text116                            5188     5188       94        4       0
                text115                            60CA     60CA        8        4       0
                text114                            5532     5532       78        4       0
                text113                            60D2     60D2        6        4       0
                text112                            5E22     5E22       36        4       0
                text111                            5BDC     5BDC       4A        4       0
                text110                            5FAA     5FAA       26        4       0
                text109                            4F24     4F24       9C        4       0
                text108                            1548     1548      202        4       0
                text107                            4DB8     4DB8       BC        4       0
                text106                            1ABA     1ABA      19A        4       0
                text105                            32EE     32EE       EC        4       0
                text104                            2C54     2C54      104        4       0
                text103                            4C3E     4C3E       BE        4       0
                text102                            5F5A     5F5A       2A        4       0
                text101                            2252     2252      178        4       0
                text100                            5984     5984       62        4       0
                text98                             608A     608A       12        4       0
                text97                             6078     6078       12        4       0
                text96                             4AB4     4AB4       CA        4       0
                text95                             543E     543E       7C        4       0
                text94                             50F4     50F4       94        4       0
                text93                             6016     6016       16        4       0
                text92                             4784     4784       D2        4       0
                text91                             609C     609C       10        4       0
                text90                             5F30     5F30       2A        4       0
                text89                             54BA     54BA       78        4       0
                text88                             5AA6     5AA6       50        4       0
                text87                             3D52     3D52       DC        4       0
                text86                             3C76     3C76       DC        4       0
                text85                             3B9A     3B9A       DC        4       0
                text84                             3ABE     3ABE       DC        4       0
                text83                             39E2     39E2       DC        4       0
                text82                             49EA     49EA       CA        4       0
                text81                             3202     3202       EC        4       0
                text80                             58B0     58B0       6E        4       0
                text79                             5842     5842       6E        4       0
                text78                             3906     3906       DC        4       0
                text77                             52AA     52AA       8A        4       0
                text76                             382A     382A       DC        4       0
                text75                             4920     4920       CA        4       0
                text74                             5DEC     5DEC       36        4       0
                text73                             1DDA     1DDA      182        4       0
                text72                             5B44     5B44       4E        4       0
                text71                             20DA     20DA      178        4       0
                text70                             374E     374E       DC        4       0
                text69                             5B92     5B92       4A        4       0
                text68                             5D3C     5D3C       3E        4       0
                text67                             3114     3114       EE        4       0
                text66                             1C54     1C54      186        4       0
                text65                             3672     3672       DC        4       0
                text64                             3026     3026       EE        4       0
                text63                             5F84     5F84       26        4       0
                text62                             1F5C     1F5C      17E        4       0
                text61                             27D0     27D0      132        4       0
                text60                             2532     2532      164        4       0
                text59                             5CF8     5CF8       44        4       0
                text58                             44FE     44FE       DA        4       0
                text57                             4424     4424       DA        4       0
                text56                             434A     434A       DA        4       0
                text55                             4270     4270       DA        4       0
                text54                             46B0     46B0       D4        4       0
                text53                             5A46     5A46       60        4       0
                text52                             59E6     59E6       60        4       0
                text51                             1326     1326      222        4       0
                text50                             5CB4     5CB4       44        4       0
                text49                             3596     3596       DC        4       0
                text48                             4196     4196       DA        4       0
                text47                             53BA     53BA       84        4       0
                text46                             174A     174A      1D2        4       0
                text45                             34BA     34BA       DC        4       0
                text44                             191C     191C      19E        4       0
                text43                             2A30     2A30      11C        4       0
                text42                             2F38     2F38       EE        4       0
                text41                             2696     2696      13A        4       0
                text40                             2902     2902      12E        4       0
                text39                             33DA     33DA       E0        4       0
                text38                             561A     561A       70        4       0
                text37                             40BC     40BC       DA        4       0
                text36                             3FE2     3FE2       DA        4       0
                text35                             4856     4856       CA        4       0
                text34                              83C      83C      4D6        4       0
                text33                             57D4     57D4       6E        4       0
                text32                             3F08     3F08       DA        4       0
                text31                             3E2E     3E2E       DA        4       0
                text30                             4CFC     4CFC       BC        4       0
                text29                             2E48     2E48       F0        4       0
                text28                             4B7E     4B7E       C0        4       0
                text27                             5F06     5F06       2A        4       0
                text26                              D12      D12      384        4       0
                text25                             5EB0     5EB0       2C        4       0
                text24                             60B8     60B8        A        4       0
                text23                             45D8     45D8       D8        4       0
                text22                             5E84     5E84       2C        4       0
                text21                             6066     6066       12        4       0
                text20                             5EDC     5EDC       2A        4       0
                text19                             2B4C     2B4C      108        4       0
                text18                             1096     1096      290        4       0
                text17                             6054     6054       12        4       0
                text16                             5766     5766       6E        4       0
                text15                             56F8     56F8       6E        4       0
                text14                             55AA     55AA       70        4       0
                text13                             568A     568A       6E        4       0
                text12                             5DB6     5DB6       36        4       0
                text11                             2D58     2D58       F0        4       0
                text10                               88       88      7B4        4       0
                text9                              5C6E     5C6E       46        4       0
                text8                              5E58     5E58       2C        4       0
                text7                              60AC     60AC        C        4       0
                text6                              6000     6000       16        4       0
                text5                              60C2     60C2        8        4       0
                text4                              4E74     4E74       B0        4       0
                text3                              5D7A     5D7A       3C        4       0
                text2                              5AF6     5AF6       4E        4       0
                text1                              6040     6040       14        4       0
                text0                              23CA     23CA      168        4       0
                cstackCOMRAM                          1        1       3E        1       1
                cstackBANK0                          C7       C7       34       60       1
                dataBANK1                           146      146       14      100       1
                bssBANK1                            100      100       46      100       1
                dataBANK0                            FB       FB        4       60       1
                bssBANK0                             60       60       67       60       1
                dataCOMRAM                           5E       5E        2        1       1
                bssCOMRAM                            3F       3F       1F        1       1
                cinit                              5334     5334       86        4       0
                idataBANK1                         602C     602C       14        4       0
                idataBANK0                         60D8     60D8        4        4       0
                idataCOMRAM                        60E0     60E0        2        4       0

TOTAL           Name                               Link     Load   Length     Space
        CLASS   STACK          

        CLASS   CODE           
                end_init                             84       84        4         0
                intcode                               8        8       7C         0
                reset_vec                             0        0        4         0
                text124                            521C     521C       8E         0
                text123                            591E     591E       66         0
                text122                            505A     505A       9A         0
                text121                            5FE8     5FE8       18         0
                text120                            4FC0     4FC0       9A         0
                text119                            5FD0     5FD0       18         0
                text118                            5C26     5C26       48         0
                text117                            60DC     60DC        4         0
                text116                            5188     5188       94         0
                text115                            60CA     60CA        8         0
                text114                            5532     5532       78         0
                text113                            60D2     60D2        6         0
                text112                            5E22     5E22       36         0
                text111                            5BDC     5BDC       4A         0
                text110                            5FAA     5FAA       26         0
                text109                            4F24     4F24       9C         0
                text108                            1548     1548      202         0
                text107                            4DB8     4DB8       BC         0
                text106                            1ABA     1ABA      19A         0
                text105                            32EE     32EE       EC         0
                text104                            2C54     2C54      104         0
                text103                            4C3E     4C3E       BE         0
                text102                            5F5A     5F5A       2A         0
                text101                            2252     2252      178         0
                text100                            5984     5984       62         0
                text98                             608A     608A       12         0
                text97                             6078     6078       12         0
                text96                             4AB4     4AB4       CA         0
                text95                             543E     543E       7C         0
                text94                             50F4     50F4       94         0
                text93                             6016     6016       16         0
                text92                             4784     4784       D2         0
                text91                             609C     609C       10         0
                text90                             5F30     5F30       2A         0
                text89                             54BA     54BA       78         0
                text88                             5AA6     5AA6       50         0
                text87                             3D52     3D52       DC         0
                text86                             3C76     3C76       DC         0
                text85                             3B9A     3B9A       DC         0
                text84                             3ABE     3ABE       DC         0
                text83                             39E2     39E2       DC         0
                text82                             49EA     49EA       CA         0
                text81                             3202     3202       EC         0
                text80                             58B0     58B0       6E         0
                text79                             5842     5842       6E         0
                text78                             3906     3906       DC         0
                text77                             52AA     52AA       8A         0
                text76                             382A     382A       DC         0
                text75                             4920     4920       CA         0
                text74                             5DEC     5DEC       36         0
                text73                             1DDA     1DDA      182         0
                text72                             5B44     5B44       4E         0
                text71                             20DA     20DA      178         0
                text70                             374E     374E       DC         0
                text69                             5B92     5B92       4A         0
                text68                             5D3C     5D3C       3E         0
                text67                             3114     3114       EE         0
                text66                             1C54     1C54      186         0
                text65                             3672     3672       DC         0
                text64                             3026     3026       EE         0
                text63                             5F84     5F84       26         0
                text62                             1F5C     1F5C      17E         0
                text61                             27D0     27D0      132         0
                text60                             2532     2532      164         0
                text59                             5CF8     5CF8       44         0
                text58                             44FE     44FE       DA         0
                text57                             4424     4424       DA         0
                text56                             434A     434A       DA         0
                text55                             4270     4270       DA         0
                text54                             46B0     46B0       D4         0
                text53                             5A46     5A46       60         0
                text52                             59E6     59E6       60         0
                text51                             1326     1326      222         0
                text50                             5CB4     5CB4       44         0
                text49                             3596     3596       DC         0
                text48                             4196     4196       DA         0
                text47                             53BA     53BA       84         0
                text46                             174A     174A      1D2         0
                text45                             34BA     34BA       DC         0
                text44                             191C     191C      19E         0
                text43                             2A30     2A30      11C         0
                text42                             2F38     2F38       EE         0
                text41                             2696     2696      13A         0
                text40                             2902     2902      12E         0
                text39                             33DA     33DA       E0         0
                text38                             561A     561A       70         0
                text37                             40BC     40BC       DA         0
                text36                             3FE2     3FE2       DA         0
                text35                             4856     4856       CA         0
                text34                              83C      83C      4D6         0
                text33                             57D4     57D4       6E         0
                text32                             3F08     3F08       DA         0
                text31                             3E2E     3E2E       DA         0
                text30                             4CFC     4CFC       BC         0
                text29                             2E48     2E48       F0         0
                text28                             4B7E     4B7E       C0         0
                text27                             5F06     5F06       2A         0
                text26                              D12      D12      384         0
                text25                             5EB0     5EB0       2C         0
                text24                             60B8     60B8        A         0
                text23                             45D8     45D8       D8         0
                text22                             5E84     5E84       2C         0
                text21                             6066     6066       12         0
                text20                             5EDC     5EDC       2A         0
                text19                             2B4C     2B4C      108         0
                text18                             1096     1096      290         0
                text17                             6054     6054       12         0
                text16                             5766     5766       6E         0
                text15                             56F8     56F8       6E         0
                text14                             55AA     55AA       70         0
                text13                             568A     568A       6E         0
                text12                             5DB6     5DB6       36         0
                text11                             2D58     2D58       F0         0
                text10                               88       88      7B4         0
                text9                              5C6E     5C6E       46         0
                text8                              5E58     5E58       2C         0
                text7                              60AC     60AC        C         0
                text6                              6000     6000       16         0
                text5                              60C2     60C2        8         0
                text4                              4E74     4E74       B0         0
                text3                              5D7A     5D7A       3C         0
                text2                              5AF6     5AF6       4E         0
                text1                              6040     6040       14         0
                text0                              23CA     23CA      168         0
                cinit                              5334     5334       86         0
                idataBANK1                         602C     602C       14         0
                idataBANK0                         60D8     60D8        4         0
                idataCOMRAM                        60E0     60E0        2         0

        CLASS   CONST          

        CLASS   SMALLCONST     

        CLASS   MEDIUMCONST    
                mediumconst                        CA84     CA84     3574         0

        CLASS   COMRAM         
                cstackCOMRAM                          1        1       3E         1
                dataCOMRAM                           5E       5E        2         1
                bssCOMRAM                            3F       3F       1F         1

        CLASS   ABS1           

        CLASS   BIGRAM         

        CLASS   RAM            

        CLASS   BANK0          
                cstackBANK0                          C7       C7       34         1
                dataBANK0                            FB       FB        4         1
                bssBANK0                             60       60       67         1

        CLASS   BANK1          
                dataBANK1                           146      146       14         1
                bssBANK1                            100      100       46         1

        CLASS   BANK2          

        CLASS   BANK3          

        CLASS   BANK4          

        CLASS   BANK5          

        CLASS   BANK6          

        CLASS   BANK7          

        CLASS   BANK8          

        CLASS   BANK9          

        CLASS   BANK10         

        CLASS   BANK11         

        CLASS   BANK12         

        CLASS   BANK13         

        CLASS   BANK14         

        CLASS   SFR            

        CLASS   FARRAM         

        CLASS   CONFIG         
                config                             FFF8     FFF8        8         0

        CLASS   IDLOC          



SEGMENTS        Name                           Load    Length   Top    Selector   Space  Class

                reset_vec                      000000  000004  000004         0       0  CODE    
                cstackCOMRAM                   000001  00005F  000060         1       1  COMRAM  
                intcode                        000008  0060DA  0060E2         4       0  CODE    
                bssBANK0                       000060  00009F  0000FF        60       1  BANK0   
                bssBANK1                       000100  00005A  00015A       100       1  BANK1   
                mediumconst                    00CA84  003574  00FFF8      6542       0  MEDIUMCO
                config                         00FFF8  000008  010000      FFF8       0  CONFIG  


UNUSED ADDRESS RANGES

        Name                Unused          Largest block    Delta
        BANK0            000FF-000FF               1
        BANK1            0015A-001FF              A6
        BANK10           00A00-00AFF             100
        BANK11           00B00-00BFF             100
        BANK12           00C00-00CFF             100
        BANK13           00D00-00DFF             100
        BANK14           00E00-00EBF              C0
        BANK2            00200-002FF             100
        BANK3            00300-003FF             100
        BANK4            00400-004FF             100
        BANK5            00500-005FF             100
        BANK6            00600-006FF             100
        BANK7            00700-007FF             100
        BANK8            00800-008FF             100
        BANK9            00900-009FF             100
        BIGRAM           000FF-000FF               1
                         0015A-00EBF             D66
        CODE             00004-00007               4
                         060E2-0CA83            69A2
        CONST            00004-00007               4
                         060E2-0CA83            69A2
        MEDIUMCONST      060E2-0CA83            69A2
        RAM              000FF-000FF               1
                         0015A-00EBF             100
        SFR              00EC0-00FFF              60
        SMALLCONST       060E2-0CA83             100
        STACK            0015A-009FF             8A6

                                  Symbol Table

?_Flash_Read                      cstackBANK0   000C7
?___awdiv                         cstackCOMRAM  00001
?___fladd                         cstackCOMRAM  0000F
?___fldiv                         cstackBANK0   000D5
?___flmul                         cstackBANK0   000D1
?___flpack                        cstackBANK0   000C7
?___fltol                         cstackBANK0   000E4
?___lwdiv                         cstackBANK0   000CC
?___lwmod                         cstackBANK0   000C7
?___lwtofl                        cstackBANK0   000D1
?___wmul                          cstackBANK0   000D3
?_adc_power_filter                cstackCOMRAM  0000A
?_adc_press_filter                cstackCOMRAM  0000A
?_adc_read                        cstackCOMRAM  00001
?_adc_reader_power                cstackCOMRAM  00010
?_adc_reader_press                cstackCOMRAM  00010
?_calc_delta_i                    cstackCOMRAM  00001
?_disp_filter                     cstackBANK0   000D3
?i2___fldiv                       cstackCOMRAM  0000F
?i2___flmul                       cstackCOMRAM  0001E
?i2___flpack                      cstackCOMRAM  00001
?i2___fltol                       cstackCOMRAM  00001
?i2___lwdiv                       cstackCOMRAM  00007
?i2___lwtofl                      cstackCOMRAM  0000B
?i2___wmul                        cstackCOMRAM  00001
AUDIO_Sub@cnt                     cstackBANK0   000D5
BIOS_JLX12864_DELAY@i             cstackBANK0   000C7
BIOS_JLX12864_DELAY@j             cstackBANK0   000CA
BIOS_JLX12864_DELAY@k             cstackBANK0   000CC
BIOS_JLX12864_TRANS_CMD@data      cstackBANK0   000C7
BIOS_JLX12864_TRANS_DAT@data      cstackBANK0   000C7
DISP_8X16ascii@s                  cstackBANK0   000D8
DISP_8X16ascii@x                  cstackBANK0   000DA
DISP_8X16ascii@y                  cstackBANK0   000DB
DISP_8X16ascii@z                  cstackBANK0   000DC
DISP_Bat000@i                     cstackBANK0   000CD
DISP_Bat000@j                     cstackBANK0   000CE
DISP_Bat000@k                     cstackBANK0   000CF
DISP_Bat000@l                     cstackBANK0   000D4
DISP_Bat000@m                     cstackBANK0   000D2
DISP_Bat000@n                     cstackBANK0   000D0
DISP_Bat000@startx                cstackBANK0   000CC
DISP_Bat000@starty                cstackBANK0   000C9
DISP_Bat000@temp                  cstackBANK0   000D1
DISP_Bat001@i                     cstackBANK0   000CD
DISP_Bat001@j                     cstackBANK0   000CE
DISP_Bat001@k                     cstackBANK0   000CF
DISP_Bat001@l                     cstackBANK0   000D4
DISP_Bat001@m                     cstackBANK0   000D2
DISP_Bat001@n                     cstackBANK0   000D0
DISP_Bat001@startx                cstackBANK0   000CC
DISP_Bat001@starty                cstackBANK0   000C9
DISP_Bat001@temp                  cstackBANK0   000D1
DISP_Bat002@i                     cstackBANK0   000CD
DISP_Bat002@j                     cstackBANK0   000CE
DISP_Bat002@k                     cstackBANK0   000CF
DISP_Bat002@l                     cstackBANK0   000D4
DISP_Bat002@m                     cstackBANK0   000D2
DISP_Bat002@n                     cstackBANK0   000D0
DISP_Bat002@startx                cstackBANK0   000CC
DISP_Bat002@starty                cstackBANK0   000C9
DISP_Bat002@temp                  cstackBANK0   000D1
DISP_Bat003@i                     cstackBANK0   000CD
DISP_Bat003@j                     cstackBANK0   000CE
DISP_Bat003@k                     cstackBANK0   000CF
DISP_Bat003@l                     cstackBANK0   000D4
DISP_Bat003@m                     cstackBANK0   000D2
DISP_Bat003@n                     cstackBANK0   000D0
DISP_Bat003@startx                cstackBANK0   000CC
DISP_Bat003@starty                cstackBANK0   000C9
DISP_Bat003@temp                  cstackBANK0   000D1
DISP_Bat004@i                     cstackBANK0   000CD
DISP_Bat004@j                     cstackBANK0   000CE
DISP_Bat004@k                     cstackBANK0   000CF
DISP_Bat004@l                     cstackBANK0   000D4
DISP_Bat004@m                     cstackBANK0   000D2
DISP_Bat004@n                     cstackBANK0   000D0
DISP_Bat004@startx                cstackBANK0   000CC
DISP_Bat004@starty                cstackBANK0   000C9
DISP_Bat004@temp                  cstackBANK0   000D1
DISP_Bat00Clr@i                   cstackBANK0   000CD
DISP_Bat00Clr@j                   cstackBANK0   000CE
DISP_Bat00Clr@k                   cstackBANK0   000CF
DISP_Bat00Clr@l                   cstackBANK0   000D1
DISP_Bat00Clr@m                   cstackBANK0   000D3
DISP_Bat00Clr@n                   cstackBANK0   000D0
DISP_Bat00Clr@startx              cstackBANK0   000CC
DISP_Bat00Clr@starty              cstackBANK0   000C9
DISP_Bat@i                        cstackBANK0   000D6
DISP_Bat@j                        cstackBANK0   000D7
DISP_BatWarnC@i                   cstackBANK0   000CD
DISP_BatWarnC@j                   cstackBANK0   000CB
DISP_BatWarnC@l                   cstackBANK0   000C9
DISP_BatWarnE@i                   cstackBANK0   000CD
DISP_BatWarnE@j                   cstackBANK0   000CB
DISP_BatWarnE@l                   cstackBANK0   000C9
DISP_Buz@i                        cstackBANK0   000CD
DISP_Buz@j                        cstackBANK0   000CE
DISP_Buz@k                        cstackBANK0   000CF
DISP_Buz@l                        cstackBANK0   000D4
DISP_Buz@m                        cstackBANK0   000D2
DISP_Buz@n                        cstackBANK0   000D0
DISP_Buz@startx                   cstackBANK0   000CC
DISP_Buz@starty                   cstackBANK0   000C9
DISP_Buz@temp                     cstackBANK0   000D1
DISP_BuzClr@i                     cstackBANK0   000CD
DISP_BuzClr@j                     cstackBANK0   000CE
DISP_BuzClr@k                     cstackBANK0   000CF
DISP_BuzClr@l                     cstackBANK0   000D1
DISP_BuzClr@m                     cstackBANK0   000D3
DISP_BuzClr@n                     cstackBANK0   000D0
DISP_BuzClr@startx                cstackBANK0   000CC
DISP_BuzClr@starty                cstackBANK0   000C9
DISP_ChaBasic2015@dat             cstackBANK0   000D3
DISP_ChaBasic2015@i               cstackBANK0   000CF
DISP_ChaBasic2015@j               cstackBANK0   000D0
DISP_ChaBasic2015@k               cstackBANK0   000D1
DISP_ChaBasic2015@l               cstackBANK0   000D6
DISP_ChaBasic2015@m               cstackBANK0   000D4
DISP_ChaBasic2015@n               cstackBANK0   000D2
DISP_ChaBasic2015@startx          cstackBANK0   000C9
DISP_ChaBasic2015@starty          cstackBANK0   000CA
DISP_ChaBasic2@dat                cstackBANK0   000DD
DISP_ChaBasic2@i                  cstackBANK0   000DE
DISP_ChaBasic2@j                  cstackBANK0   000DF
DISP_ChaBasic2@k                  cstackBANK0   000E0
DISP_ChaBasic2@l                  cstackBANK0   000E2
DISP_ChaBasic2@m                  cstackBANK0   000E4
DISP_ChaBasic2@n                  cstackBANK0   000E1
DISP_ChaBasic2@startx             cstackBANK0   000D9
DISP_ChaBasic2@starty             cstackBANK0   000DA
DISP_ChaBasic@dat                 cstackBANK0   000D0
DISP_ChaBasic@i                   cstackBANK0   000D1
DISP_ChaBasic@j                   cstackBANK0   000D2
DISP_ChaBasic@k                   cstackBANK0   000D3
DISP_ChaBasic@l                   cstackBANK0   000D6
DISP_ChaBasic@m                   cstackBANK0   000D5
DISP_ChaBasic@n                   cstackBANK0   000D4
DISP_ChaBasic@startx              cstackBANK0   000C9
DISP_ChaBasic@starty              cstackBANK0   000CA
DISP_ChaBasic@x                   cstackBANK0   000D7
DISP_Clear@i                      cstackBANK0   000CA
DISP_Clear@j                      cstackBANK0   000C9
DISP_ClrZero@i                    cstackBANK0   000CF
DISP_ClrZero@l                    cstackBANK0   000D0
DISP_ClrZero@m                    cstackBANK0   000D2
DISP_ClrZero@x                    cstackBANK0   000D1
DISP_ClrZero@x1                   cstackBANK0   000C9
DISP_ClrZero@y                    cstackBANK0   000CA
DISP_ClrZero@y1                   cstackBANK0   000CB
DISP_Dig0@dat                     cstackBANK0   000CF
DISP_Dig0@i                       cstackBANK0   000D0
DISP_Dig0@j                       cstackBANK0   000D2
DISP_Dig0@k                       cstackBANK0   000D4
DISP_Dig0@l                       cstackBANK0   000DA
DISP_Dig0@m                       cstackBANK0   000D8
DISP_Dig0@n                       cstackBANK0   000D6
DISP_Dig0@startx                  cstackBANK0   000C9
DISP_Dig0@starty                  cstackBANK0   000CA
DISP_Dig12_16@dig0                cstackBANK0   000E3
DISP_Dig12_16@dig1                cstackBANK0   000E2
DISP_Dig12_16@dig2                cstackBANK0   000E1
DISP_Dig12_16@disp_val            cstackBANK0   000DC
DISP_Dig12_16@i                   cstackBANK0   000E4
DISP_Dig12_16@j                   cstackBANK0   000E5
DISP_Dig12_16@startx              cstackBANK0   000E0
DISP_Dig12_16@starty              cstackBANK0   000DB
DISP_Dig14_16@dig0                cstackBANK0   000DF
DISP_Dig14_16@dig1                cstackBANK0   000DE
DISP_Dig14_16@dig2                cstackBANK0   000DD
DISP_Dig14_16@disp_val            cstackBANK0   000D8
DISP_Dig14_16@i                   cstackBANK0   000E0
DISP_Dig14_16@j                   cstackBANK0   000E1
DISP_Dig14_16@startx              cstackBANK0   000DC
DISP_Dig14_16@starty              cstackBANK0   000D7
DISP_Dig15_32@dig0                cstackBANK0   000ED
DISP_Dig15_32@dig1                cstackBANK0   000EC
DISP_Dig15_32@dig2                cstackBANK0   000EB
DISP_Dig15_32@i                   cstackBANK0   000EE
DISP_Dig15_32@j                   cstackBANK0   000EF
DISP_Dig15_32@startx              cstackBANK0   000EA
DISP_Dig15_32@starty              cstackBANK0   000E7
DISP_Dig18_40@dig0                cstackBANK0   000ED
DISP_Dig18_40@dig1                cstackBANK0   000EC
DISP_Dig18_40@dig2                cstackBANK0   000EB
DISP_Dig18_40@i                   cstackBANK0   000EE
DISP_Dig18_40@j                   cstackBANK0   000EF
DISP_Dig18_40@startx              cstackBANK0   000EA
DISP_Dig18_40@starty              cstackBANK0   000E7
DISP_Dig1@dig0                    cstackBANK0   000E4
DISP_Dig1@dig1                    cstackBANK0   000E3
DISP_Dig1@dig2                    cstackBANK0   000E2
DISP_Dig1@disp_val                cstackBANK0   000DD
DISP_Dig1@i                       cstackBANK0   000E5
DISP_Dig1@j                       cstackBANK0   000E6
DISP_Dig1@startx                  cstackBANK0   000E1
DISP_Dig1@starty                  cstackBANK0   000DC
DISP_DigBasic00@dat               cstackBANK0   000D0
DISP_DigBasic00@i                 cstackBANK0   000D1
DISP_DigBasic00@j                 cstackBANK0   000D2
DISP_DigBasic00@k                 cstackBANK0   000D3
DISP_DigBasic00@l                 cstackBANK0   000D5
DISP_DigBasic00@m                 cstackBANK0   000D6
DISP_DigBasic00@n                 cstackBANK0   000D4
DISP_DigBasic00@startx            cstackBANK0   000C9
DISP_DigBasic00@starty            cstackBANK0   000CA
DISP_DigBasic0@dat                cstackBANK0   000D0
DISP_DigBasic0@i                  cstackBANK0   000D1
DISP_DigBasic0@j                  cstackBANK0   000D2
DISP_DigBasic0@k                  cstackBANK0   000D3
DISP_DigBasic0@l                  cstackBANK0   000D5
DISP_DigBasic0@m                  cstackBANK0   000D6
DISP_DigBasic0@n                  cstackBANK0   000D4
DISP_DigBasic0@startx             cstackBANK0   000C9
DISP_DigBasic0@starty             cstackBANK0   000CA
DISP_DigBasic32@dat               cstackBANK0   000D9
DISP_DigBasic32@i                 cstackBANK0   000E0
DISP_DigBasic32@j                 cstackBANK0   000E1
DISP_DigBasic32@k                 cstackBANK0   000E2
DISP_DigBasic32@l                 cstackBANK0   000E5
DISP_DigBasic32@m                 cstackBANK0   000E3
DISP_DigBasic32@n                 cstackBANK0   000DF
DISP_DigBasic32@startx            cstackBANK0   000DB
DISP_DigBasic32@starty            cstackBANK0   000DC
DISP_DigBasic40@dat               cstackBANK0   000D9
DISP_DigBasic40@i                 cstackBANK0   000E0
DISP_DigBasic40@j                 cstackBANK0   000E1
DISP_DigBasic40@k                 cstackBANK0   000E2
DISP_DigBasic40@l                 cstackBANK0   000E5
DISP_DigBasic40@m                 cstackBANK0   000E3
DISP_DigBasic40@n                 cstackBANK0   000DF
DISP_DigBasic40@startx            cstackBANK0   000DB
DISP_DigBasic40@starty            cstackBANK0   000DC
DISP_DigBasic@dat                 cstackBANK0   000D2
DISP_DigBasic@i                   cstackBANK0   000D3
DISP_DigBasic@j                   cstackBANK0   000D4
DISP_DigBasic@k                   cstackBANK0   000D5
DISP_DigBasic@l                   cstackBANK0   000D8
DISP_DigBasic@m                   cstackBANK0   000D7
DISP_DigBasic@n                   cstackBANK0   000D6
DISP_DigBasic@startx              cstackBANK0   000C9
DISP_DigBasic@starty              cstackBANK0   000CA
DISP_DigBasic@x                   cstackBANK0   000D9
DISP_DigBasic@y                   cstackBANK0   000D0
DISP_DigBasics12@dat              cstackBANK0   000D0
DISP_DigBasics12@i                cstackBANK0   000D1
DISP_DigBasics12@j                cstackBANK0   000D2
DISP_DigBasics12@k                cstackBANK0   000D3
DISP_DigBasics12@l                cstackBANK0   000D6
DISP_DigBasics12@m                cstackBANK0   000D5
DISP_DigBasics12@n                cstackBANK0   000D4
DISP_DigBasics12@startx           cstackBANK0   000C9
DISP_DigBasics12@starty           cstackBANK0   000CA
DISP_Fu1@i                        cstackBANK0   000CB
DISP_Fu1@j                        cstackBANK0   000CC
DISP_Fu1@k                        cstackBANK0   000CD
DISP_Fu1@l                        cstackBANK0   000CF
DISP_Fu1@n                        cstackBANK0   000CE
DISP_Fu1@startx                   cstackBANK0   000CA
DISP_Fu1@starty                   cstackBANK0   000C9
DISP_Fu@i                         cstackBANK0   000CB
DISP_Fu@j                         cstackBANK0   000CC
DISP_Fu@k                         cstackBANK0   000CD
DISP_Fu@l                         cstackBANK0   000CF
DISP_Fu@n                         cstackBANK0   000CE
DISP_Fu@startx                    cstackBANK0   000CA
DISP_Fu@starty                    cstackBANK0   000C9
DISP_Lock@i                       cstackBANK0   000CD
DISP_Lock@j                       cstackBANK0   000CE
DISP_Lock@k                       cstackBANK0   000CF
DISP_Lock@l                       cstackBANK0   000D4
DISP_Lock@m                       cstackBANK0   000D2
DISP_Lock@n                       cstackBANK0   000D0
DISP_Lock@startx                  cstackBANK0   000CC
DISP_Lock@starty                  cstackBANK0   000C9
DISP_Lock@temp                    cstackBANK0   000D1
DISP_LockClr@i                    cstackBANK0   000CD
DISP_LockClr@j                    cstackBANK0   000CE
DISP_LockClr@k                    cstackBANK0   000CF
DISP_LockClr@l                    cstackBANK0   000D1
DISP_LockClr@m                    cstackBANK0   000D3
DISP_LockClr@n                    cstackBANK0   000D0
DISP_LockClr@startx               cstackBANK0   000CC
DISP_LockClr@starty               cstackBANK0   000C9
DISP_MainA@i                      cstackBANK0   000F6
DISP_Sys100@i                     cstackBANK0   000CD
DISP_Sys100@j                     cstackBANK0   000CB
DISP_Sys100@l                     cstackBANK0   000C9
DISP_Ver@i                        cstackBANK0   000CD
DISP_Ver@j                        cstackBANK0   000CB
DISP_Ver@l                        cstackBANK0   000C9
DISP_ask@i                        cstackBANK0   000CD
DISP_ask@j                        cstackBANK0   000CB
DISP_ask@l                        cstackBANK0   000C9
DISP_block@i                      cstackBANK0   000CD
DISP_block@j                      cstackBANK0   000CE
DISP_block@k                      cstackBANK0   000CF
DISP_block@l                      cstackBANK0   000D3
DISP_block@m                      cstackBANK0   000D1
DISP_block@n                      cstackBANK0   000D0
DISP_block@startx                 cstackBANK0   000CC
DISP_block@starty                 cstackBANK0   000C9
DISP_cha7s@s                      cstackBANK0   000E6
DISP_cha7s@x                      cstackBANK0   000E8
DISP_cha7s@y                      cstackBANK0   000E9
DISP_cha7s@z                      cstackBANK0   000EA
DISP_didl@i                       cstackBANK0   000CD
DISP_didl@j                       cstackBANK0   000CE
DISP_didl@k                       cstackBANK0   000CF
DISP_didl@l                       cstackBANK0   000D3
DISP_didl@m                       cstackBANK0   000D1
DISP_didl@n                       cstackBANK0   000D0
DISP_didl@startx                  cstackBANK0   000CC
DISP_didl@starty                  cstackBANK0   000C9
DISP_jx@i                         cstackBANK0   000CD
DISP_jx@j                         cstackBANK0   000CE
DISP_jx@k                         cstackBANK0   000CF
DISP_jx@l                         cstackBANK0   000D4
DISP_jx@m                         cstackBANK0   000D2
DISP_jx@n                         cstackBANK0   000D0
DISP_jx@startx                    cstackBANK0   000CC
DISP_jx@starty                    cstackBANK0   000C9
DISP_jx@temp                      cstackBANK0   000D1
DISP_key2015@i                    cstackBANK0   000D0
DISP_key2015@j                    cstackBANK0   000D1
DISP_key2015@k                    cstackBANK0   000D2
DISP_key2015@l                    cstackBANK0   000D5
DISP_key2015@m                    cstackBANK0   000D4
DISP_key2015@n                    cstackBANK0   000D3
DISP_key2015@startx               cstackBANK0   000CF
DISP_key2015@starty               cstackBANK0   000C9
DISP_louq@i                       cstackBANK0   000CD
DISP_louq@j                       cstackBANK0   000CE
DISP_louq@k                       cstackBANK0   000CF
DISP_louq@l                       cstackBANK0   000D3
DISP_louq@m                       cstackBANK0   000D1
DISP_louq@n                       cstackBANK0   000D0
DISP_louq@startx                  cstackBANK0   000CC
DISP_louq@starty                  cstackBANK0   000C9
DISP_lx@i                         cstackBANK0   000CD
DISP_lx@j                         cstackBANK0   000CE
DISP_lx@k                         cstackBANK0   000CF
DISP_lx@l                         cstackBANK0   000D4
DISP_lx@m                         cstackBANK0   000D2
DISP_lx@n                         cstackBANK0   000D0
DISP_lx@startx                    cstackBANK0   000CC
DISP_lx@starty                    cstackBANK0   000C9
DISP_lx@temp                      cstackBANK0   000D1
DISP_mod_set2015@i                cstackBANK0   000CD
DISP_mod_set2015@j                cstackBANK0   000CB
DISP_mod_set2015@l                cstackBANK0   000C9
DISP_press2015@i                  cstackBANK0   000CD
DISP_press2015@j                  cstackBANK0   000CE
DISP_press2015@k                  cstackBANK0   000CF
DISP_press2015@l                  cstackBANK0   000D3
DISP_press2015@m                  cstackBANK0   000D1
DISP_press2015@n                  cstackBANK0   000D0
DISP_press2015@startx             cstackBANK0   000CC
DISP_press2015@starty             cstackBANK0   000C9
DISP_press_set2016@i              cstackBANK0   000CD
DISP_press_set2016@j              cstackBANK0   000CB
DISP_press_set2016@l              cstackBANK0   000C9
DISP_pset@i                       cstackBANK0   000CD
DISP_pset@j                       cstackBANK0   000CE
DISP_pset@k                       cstackBANK0   000CF
DISP_pset@l                       cstackBANK0   000D3
DISP_pset@m                       cstackBANK0   000D1
DISP_pset@n                       cstackBANK0   000D0
DISP_pset@startx                  cstackBANK0   000CC
DISP_pset@starty                  cstackBANK0   000C9
DISP_run2015@i                    cstackBANK0   000CD
DISP_run2015@j                    cstackBANK0   000CE
DISP_run2015@k                    cstackBANK0   000CF
DISP_run2015@l                    cstackBANK0   000D3
DISP_run2015@m                    cstackBANK0   000D1
DISP_run2015@n                    cstackBANK0   000D0
DISP_run2015@startx               cstackBANK0   000CC
DISP_run2015@starty               cstackBANK0   000C9
DISP_select0@i                    cstackBANK0   000CD
DISP_select0@j                    cstackBANK0   000CE
DISP_select0@k                    cstackBANK0   000CF
DISP_select0@l                    cstackBANK0   000D1
DISP_select0@m                    cstackBANK0   000D3
DISP_select0@n                    cstackBANK0   000D0
DISP_select0@startx               cstackBANK0   000CC
DISP_select0@starty               cstackBANK0   000C9
DISP_select@i                     cstackBANK0   000CD
DISP_select@j                     cstackBANK0   000CE
DISP_select@k                     cstackBANK0   000CF
DISP_select@l                     cstackBANK0   000D3
DISP_select@m                     cstackBANK0   000D1
DISP_select@n                     cstackBANK0   000D0
DISP_select@startx                cstackBANK0   000CC
DISP_select@starty                cstackBANK0   000C9
DISP_stop2015@i                   cstackBANK0   000CD
DISP_stop2015@j                   cstackBANK0   000CE
DISP_stop2015@k                   cstackBANK0   000CF
DISP_stop2015@l                   cstackBANK0   000D3
DISP_stop2015@m                   cstackBANK0   000D1
DISP_stop2015@n                   cstackBANK0   000D0
DISP_stop2015@startx              cstackBANK0   000CC
DISP_stop2015@starty              cstackBANK0   000C9
DISP_time_set2015@i               cstackBANK0   000CD
DISP_time_set2015@j               cstackBANK0   000CB
DISP_time_set2015@l               cstackBANK0   000C9
DISP_yewm@i                       cstackBANK0   000CD
DISP_yewm@j                       cstackBANK0   000CE
DISP_yewm@k                       cstackBANK0   000CF
DISP_yewm@l                       cstackBANK0   000D3
DISP_yewm@m                       cstackBANK0   000D1
DISP_yewm@n                       cstackBANK0   000D0
DISP_yewm@startx                  cstackBANK0   000CC
DISP_yewm@starty                  cstackBANK0   000C9
Flash_Erase@address               cstackBANK0   000C7
Flash_Read@address                cstackBANK0   000C7
Flash_Read@temp                   cstackBANK0   000CB
PL10                              text51        014E4
PL100                             text96        04B5A
PL102                             text75        049C6
PL104                             text83        03A9A
PL106                             text37        04172
PL108                             text78        039BE
PL110                             text36        04098
PL112                             text87        03E0A
PL114                             text84        03B76
PL116                             text48        0424C
PL118                             text58        045B4
PL12                              text10        00772
PL120                             text55        04326
PL122                             text35        048FC
PL124                             text31        03EE4
PL126                             text45        03572
PL128                             text85        03C52
PL130                             text86        03D2E
PL132                             text76        038E2
PL134                             text57        044DA
PL136                             text34        00C9A
PL138                             text49        0364E
PL14                              text0         02526
PL140                             text82        04A90
PL142                             text32        03FBE
PL144                             text56        04400
PL146                             text51        01536
PL148                             text10        007F4
PL150                             text106       01C36
PL152                             text43        02B2A
PL154                             text34        00CAE
PL156                             text34        00CC0
PL158                             text10        00806
PL16                              text51        0150A
PL160                             text34        00CD2
PL162                             text34        00CE4
PL164                             text96        04B6E
PL166                             text73        01F4C
PL168                             text86        03D42
PL170                             text47        0542E
PL172                             text84        03B8A
PL174                             text82        04AA4
PL176                             text66        01DCA
PL178                             text45        03586
PL18                              text62        020A8
PL180                             text49        03662
PL182                             text78        039D2
PL184                             text83        03AAE
PL186                             text39        034AA
PL188                             text36        040AC
PL190                             text48        04260
PL192                             text57        044EE
PL194                             text31        03EF8
PL196                             text43        02B3C
PL198                             text32        03FD2
PL2                               text51        014C4
PL20                              text10        0077E
PL200                             text87        03E1E
PL202                             text34        00CF6
PL204                             text71        02234
PL206                             text65        0373E
PL208                             text104       02D2E
PL210                             text70        0381A
PL212                             text60        0266C
PL214                             text56        04414
PL216                             text85        03C66
PL218                             text35        04910
PL22                              text71        02216
PL220                             text58        045C8
PL222                             text76        038F6
PL224                             text37        04186
PL226                             text75        049DA
PL228                             text55        0433A
PL230                             text19        02C2A
PL232                             text71        02244
PL234                             text10        00818
PL236                             text60        0267C
PL238                             text100       059D8
PL24                              text43        02AFE
PL240                             text10        00824
PL242                             text50        05CEA
PL244                             text122       050E6
PL246                             text34        00D06
PL248                             text41        027C2
PL250                             text120       0504C
PL252                             text19        02C3A
PL254                             text104       02D3E
PL256                             text59        05D2E
PL258                             text29        02F2C
PL26                              text73        01EF4
PL260                             text103       04CF0
PL262                             text106       01C48
PL264                             text107       04E68
PL266                             text104       02D4C
PL268                             text30        04DAC
PL270                             text124       052A0
PL272                             text19        02C48
PL274                             text60        0268A
PL276                             text105       033CE
PL278                             text28        04C32
PL28                              text66        01D72
PL280                             text10        00832
PL282                             text18        0131C
PL30                              text62        020BC
PL32                              text34        00C8A
PL34                              text61        028E8
PL36                              text41        0279E
PL38                              text108       0172A
PL4                               text43        02AF4
PL40                              text66        01D96
PL42                              text39        0347E
PL44                              text70        037FC
PL46                              text65        03720
PL48                              text43        02B0C
PL50                              text73        01F18
PL52                              text18        012F2
PL54                              text10        00788
PL56                              text61        028F6
PL58                              text85        03C38
PL6                               text51        014D0
PL60                              text87        03DF0
PL62                              text83        03A80
PL64                              text78        039A4
PL66                              text84        03B5C
PL68                              text86        03D14
PL70                              text49        03634
PL72                              text45        03558
PL74                              text76        038C8
PL76                              text41        027B2
PL78                              text10        00796
PL8                               text18        012E4
PL80                              text10        007AE
PL82                              text10        007C6
PL84                              text18        01304
PL86                              text73        01F36
PL88                              text39        0349C
PL90                              text66        01DB4
PL92                              text10        007DE
PL94                              text51        0151A
PL96                              text62        020CC
PL98                              text51        01528
STAT_conNewa@temp                 cstackCOMRAM  00016
Write_One_Word@address            cstackBANK0   000C7
Write_One_Word@data               cstackBANK0   000CB
_ADCON0                           (abs)         00FC2
_ADCON0bits                       (abs)         00FC2
_ADCON1                           (abs)         00FC1
_ADC_DatCal                       text118       05C26
_ADC_Ps90                         text117       060DC
_ADRESH                           (abs)         00FC4
_ADRESL                           (abs)         00FC3
_ANCON0                           (abs)         00F48
_ANCON0bits                       (abs)         00F48
_ANCON1                           (abs)         00F49
_ASCII                            mediumconst   0CA85
_AUDIO                            text92        04784
_AUDIO_Key                        text90        05F30
_AUDIO_Sub                        text94        050F4
_BAT_Warn                         text89        054BA
_BAT_WarnFir                      text88        05AA6
_BEE_TWO                          bssBANK0      0009A
_BIOS_JLX12864_DELAY              text12        05DB6
_BIOS_JLX12864_TRANS_CMD          text98        0608A
_BIOS_JLX12864_TRANS_DAT          text97        06078
_BUZ_Cls                          text91        0609C
_BUZ_KeyCls                       text17        06054
_CARRY                            (abs)         07EC0
_CLS_PwmA                         text115       060CA
_CONTR_fallaNew                   text114       05532
_DISP_8X16ascii                   text59        05CF8
_DISP_Bat                         text81        03202
_DISP_Bat000                      text87        03D52
_DISP_Bat001                      text86        03C76
_DISP_Bat002                      text85        03B9A
_DISP_Bat003                      text84        03ABE
_DISP_Bat004                      text83        039E2
_DISP_Bat00Clr                    text82        049EA
_DISP_BatWarnC                    text80        058B0
_DISP_BatWarnE                    text79        05842
_DISP_Buz                         text78        03906
_DISP_BuzClr                      text96        04AB4
_DISP_ChaBasic                    text73        01DDA
_DISP_ChaBasic2                   text51        01326
_DISP_ChaBasic2015                text60        02532
_DISP_Clear                       text72        05B44
_DISP_ClrZero                     text77        052AA
_DISP_Dig0                        text71        020DA
_DISP_Dig1                        text67        03114
_DISP_Dig1$3034                   cstackBANK0   000DF
_DISP_Dig12_16                    text64        03026
_DISP_Dig12_16$3032               cstackBANK0   000DE
_DISP_Dig14_16                    text42        02F38
_DISP_Dig14_16$3033               cstackBANK0   000DA
_DISP_Dig15_32                    text40        02902
_DISP_Dig15_32$3030               cstackBANK0   000E8
_DISP_Dig18_40                    text61        027D0
_DISP_Dig18_40$3031               cstackBANK0   000E8
_DISP_DigBasic                    text66        01C54
_DISP_DigBasic0                   text65        03672
_DISP_DigBasic00                  text70        0374E
_DISP_DigBasic32                  text41        02696
_DISP_DigBasic40                  text62        01F5C
_DISP_DigBasics12                 text43        02A30
_DISP_Erra                        text54        046B0
_DISP_Fu                          text53        05A46
_DISP_Fu1                         text52        059E6
_DISP_Info                        text74        05DEC
_DISP_JixA                        text46        0174A
_DISP_Led                         text93        06016
_DISP_LixA                        text44        0191C
_DISP_Lock                        text76        0382A
_DISP_LockClr                     text75        04920
_DISP_MainA                       text26        00D12
_DISP_SetA_new                    text34        0083C
_DISP_Sys100                      text16        05766
_DISP_Ver                         text15        056F8
_DISP_ask                         text33        057D4
_DISP_block                       text58        044FE
_DISP_cha7s                       text50        05CB4
_DISP_didl                        text57        04424
_DISP_jx                          text49        03596
_DISP_key2015                     text39        033DA
_DISP_louq                        text56        0434A
_DISP_lx                          text45        034BA
_DISP_mod_set2015                 text38        0561A
_DISP_press2015                   text32        03F08
_DISP_press_set2016               text14        055AA
_DISP_pset                        text37        040BC
_DISP_run2015                     text48        04196
_DISP_select                      text36        03FE2
_DISP_select0                     text35        04856
_DISP_stop2015                    text31        03E2E
_DISP_time_set2015                text13        0568A
_DISP_yewm                        text55        04270
_EECON2                           (abs)         00FA7
_FLG_SYS_10MS                     bssBANK0      0009B
_FREE                             (abs)         07D34
_Flash_Erase                      text21        06066
_Flash_Read                       text25        05EB0
_GIE                              (abs)         07F97
_INTCON                           (abs)         00FF2
_INTCON2                          (abs)         00FF1
_INTCONbits                       (abs)         00FF2
_Isr                              intcode       00008
_KEY_Scan                         text23        045D8
_LATA                             (abs)         00F89
_LATAbits                         (abs)         00F89
_LATB                             (abs)         00F8A
_LATBbits                         (abs)         00F8A
_LATC                             (abs)         00F8B
_LATC6                            (abs)         07C5E
_LATCbits                         (abs)         00F8B
_LATD                             (abs)         00F8C
_LATE                             (abs)         00F8D
_LATEbits                         (abs)         00F8D
_LEVEL_WarnA                      text116       05188
_LQ_FIR                           bssBANK0      00064
_MODE_Pro                         text18        01096
_MODE_Pro$3036                    cstackBANK0   000F4
_MODE_Pro$3037                    cstackBANK0   000F2
_MODE_ProA                        text10        00088
_OPEN_PwmA                        text113       060D2
_OSCCON                           (abs)         00FD3
_OSCTUNE                          (abs)         00F9B
_PEIE                             (abs)         07F96
_PIE2                             (abs)         00FA0
_PIR2                             (abs)         00FA1
_PORTA                            (abs)         00F80
_PORTB                            (abs)         00F81
_PORTC                            (abs)         00F82
_PORTCbits                        (abs)         00F82
_PORTD                            (abs)         00F83
_PORTE                            (abs)         00F84
_PRESS_ConA                       text100       05984
_PRESS_ConSubA                    text101       02252
_PRESS_ConSubA$3035               cstackCOMRAM  00037
_PS_i                             bssCOMRAM     0004B
_Pw_i                             bssCOMRAM     0004C
_SPEAK_flg                        bssBANK0      0009C
_SPK_STATE                        bssBANK0      0009D
_STAT_conNewa                     text108       01548
_SYS_DatIni                       text9         05C6E
_SYS_IO_Ini                       text8         05E58
_SYS_IniLcd                       text11        02D58
_SYS_OSC_Ini                      text7         060AC
_SYS_TMR0_Ini                     text6         06000
_SYS_TMR3_Ini                     text5         060C2
_SetBlk                           text24        060B8
_T0CON                            (abs)         00FD5
_T3CON                            (abs)         00F79
_T3CONbits                        (abs)         00F79
_TABLAT                           (abs)         00FF5
_TBLPTRH                          (abs)         00FF7
_TBLPTRL                          (abs)         00FF6
_TBLPTRU                          (abs)         00FF8
_TMR0H                            (abs)         00FD7
_TMR0L                            (abs)         00FD6
_TMR2                             (abs)         00FCC
_TMR3H                            (abs)         00F7B
_TMR3L                            (abs)         00F7A
_TRISA                            (abs)         00F92
_TRISB                            (abs)         00F93
_TRISC                            (abs)         00F94
_TRISD                            (abs)         00F95
_TRISE                            (abs)         00F96
_UART_Test                        text4         04E74
_WPROG                            (abs)         07D35
_WR                               (abs)         07D31
_WREN                             (abs)         07D32
_Warn                             text2         05AF6
_Write_Cycle                      text22        05E84
_Write_One_Word                   text20        05EDC
__CFG_CP0$OFF                     (abs)         00000
__CFG_DSWDTEN$OFF                 (abs)         00000
__CFG_IOL1WAY$OFF                 (abs)         00000
__CFG_OSC$INTOSCPLL               (abs)         00000
__CFG_WDTEN$ON                    (abs)         00000
__CFG_WDTPS$16384                 (abs)         00000
__CFG_WPCFG$OFF                   (abs)         00000
__CFG_WPDIS$OFF                   (abs)         00000
__CFG_XINST$OFF                   (abs)         00000
__HRAM                            (abs)         00000
__Habs1                           abs1          00000
__Hbank0                          bank0         00000
__Hbank1                          bank1         00000
__Hbank10                         bank10        00000
__Hbank11                         bank11        00000
__Hbank12                         bank12        00000
__Hbank13                         bank13        00000
__Hbank14                         bank14        00000
__Hbank2                          bank2         00000
__Hbank3                          bank3         00000
__Hbank4                          bank4         00000
__Hbank5                          bank5         00000
__Hbank6                          bank6         00000
__Hbank7                          bank7         00000
__Hbank8                          bank8         00000
__Hbank9                          bank9         00000
__Hbigbss                         bigbss        00000
__Hbigdata                        bigdata       00000
__Hbigram                         bigram        00000
__Hbss                            bss           00000
__HbssBANK0                       bssBANK0      00000
__HbssBANK1                       bssBANK1      00000
__HbssCOMRAM                      bssCOMRAM     00000
__Hcinit                          cinit         00000
__Hclrtext                        clrtext       00000
__Hcomram                         comram        00000
__Hconfig                         config        10000
__Hconst                          const         00000
__HcstackBANK0                    cstackBANK0   00000
__HcstackCOMRAM                   cstackCOMRAM  00000
__Hdata                           data          00000
__HdataBANK0                      dataBANK0     00000
__HdataBANK1                      dataBANK1     00000
__HdataCOMRAM                     dataCOMRAM    00000
__Hend_init                       end_init      00088
__Hfarbss                         farbss        00000
__Hfardata                        fardata       00000
__Hibigdata                       ibigdata      00000
__Hidata                          idata         00000
__HidataBANK0                     idataBANK0    00000
__HidataBANK1                     idataBANK1    00000
__HidataCOMRAM                    idataCOMRAM   00000
__Hidloc                          idloc         00000
__Hifardata                       ifardata      00000
__Hinit                           init          00084
__Hintcode                        intcode       00084
__Hintcode_body                   intcode_body  00000
__Hintcodelo                      intcodelo     00084
__Hintentry                       intentry      00000
__Hintret                         intret        00000
__Hintsave_regs                   intsave_regs  00000
__Hirdata                         irdata        00000
__Hjflash_buffer                  jflash_buffer 0F800
__Hmediumconst                    mediumconst   0FFF8
__HnvFARRAM                       nvFARRAM      00000
__Hnvbit                          nvbit         00000
__Hnvrram                         nvrram        00000
__Hpa_nodes                       pa_nodes      00000
__Hparam                          rparam        00000
__Hpowerup                        powerup       00084
__Hram                            ram           00000
__Hramtop                         ramtop        00F00
__Hrbit                           rbit          00000
__Hrbss                           rbss          00000
__Hrdata                          rdata         00000
__Hreset_vec                      reset_vec     00004
__Hrparam                         rparam        00000
__Hsfr                            sfr           00000
__Hsmallconst                     smallconst    00000
__Hspace_0                        (abs)         10000
__Hspace_1                        (abs)         0015A
__Hspace_2                        (abs)         00000
__Hstack                          stack         00000
__Hstruct                         struct        00000
__Htemp                           temp          00000
__Htext                           text          00000
__Htext0                          text0         00000
__Htext1                          text1         00000
__Htext10                         text10        00000
__Htext100                        text100       00000
__Htext101                        text101       00000
__Htext102                        text102       00000
__Htext103                        text103       00000
__Htext104                        text104       00000
__Htext105                        text105       00000
__Htext106                        text106       00000
__Htext107                        text107       00000
__Htext108                        text108       00000
__Htext109                        text109       00000
__Htext11                         text11        00000
__Htext110                        text110       00000
__Htext111                        text111       00000
__Htext112                        text112       00000
__Htext113                        text113       00000
__Htext114                        text114       00000
__Htext115                        text115       00000
__Htext116                        text116       00000
__Htext117                        text117       00000
__Htext118                        text118       00000
__Htext119                        text119       00000
__Htext12                         text12        00000
__Htext120                        text120       00000
__Htext121                        text121       00000
__Htext122                        text122       00000
__Htext123                        text123       00000
__Htext124                        text124       00000
__Htext13                         text13        00000
__Htext14                         text14        00000
__Htext15                         text15        00000
__Htext16                         text16        00000
__Htext17                         text17        00000
__Htext18                         text18        00000
__Htext19                         text19        00000
__Htext2                          text2         00000
__Htext20                         text20        00000
__Htext21                         text21        00000
__Htext22                         text22        00000
__Htext23                         text23        00000
__Htext24                         text24        00000
__Htext25                         text25        00000
__Htext26                         text26        00000
__Htext27                         text27        00000
__Htext28                         text28        00000
__Htext29                         text29        00000
__Htext3                          text3         00000
__Htext30                         text30        00000
__Htext31                         text31        00000
__Htext32                         text32        00000
__Htext33                         text33        00000
__Htext34                         text34        00000
__Htext35                         text35        00000
__Htext36                         text36        00000
__Htext37                         text37        00000
__Htext38                         text38        00000
__Htext39                         text39        00000
__Htext4                          text4         00000
__Htext40                         text40        00000
__Htext41                         text41        00000
__Htext42                         text42        00000
__Htext43                         text43        00000
__Htext44                         text44        00000
__Htext45                         text45        00000
__Htext46                         text46        00000
__Htext47                         text47        00000
__Htext48                         text48        00000
__Htext49                         text49        00000
__Htext5                          text5         00000
__Htext50                         text50        00000
__Htext51                         text51        00000
__Htext52                         text52        00000
__Htext53                         text53        00000
__Htext54                         text54        00000
__Htext55                         text55        00000
__Htext56                         text56        00000
__Htext57                         text57        00000
__Htext58                         text58        00000
__Htext59                         text59        00000
__Htext6                          text6         00000
__Htext60                         text60        00000
__Htext61                         text61        00000
__Htext62                         text62        00000
__Htext63                         text63        00000
__Htext64                         text64        00000
__Htext65                         text65        00000
__Htext66                         text66        00000
__Htext67                         text67        00000
__Htext68                         text68        00000
__Htext69                         text69        00000
__Htext7                          text7         00000
[...]
Total ram usage:        8 bytes
 Hardware stack levels used:    1
 This function calls:
		Nothing
 This function is called by:
		_adc_press_filter
		_adc_power_filter
 This function uses a non-reentrant model



MODULE INFORMATION

Module		Function		Class		Link	Load	Size
D:\2016\npwt_iii_source_code\relese\vr-npwt_s_dis_big_new13_rui_for_eu _false_sin\source\npwt_con_over.c
		_get_press_delt		CODE           	4F24	0000	156
		_CONTR_fallaNew		CODE           	5532	0000	120
		_STAT_conNewa  		CODE           	1548	0000	482
		_calc_delta_i  		CODE           	5E22	0000	54

D:\2016\npwt_iii_source_code\relese\vr-npwt_s_dis_big_new13_rui_for_eu _false_sin\source\npwt_con_over.c estimated size: 812

D:\2016\npwt_iii_source_code\relese\vr-npwt_s_dis_big_new13_rui_for_eu _false_sin\source\Flash.c
		_Write_Cycle   		CODE           	5E84	0000	44
		_Flash_Read    		CODE           	5EB0	0000	44
		_Flash_Erase   		CODE           	6066	0000	18
		_Write_One_Word		CODE           	5EDC	0000	42

D:\2016\npwt_iii_source_code\relese\vr-npwt_s_dis_big_new13_rui_for_eu _false_sin\source\Flash.c estimated size: 148

C:\Program Files\Microchip\xc8\v1.33\sources\common\flmul.c
		___flmul       		CODE           	2B4C	0000	222

C:\Program Files\Microchip\xc8\v1.33\sources\common\flmul.c estimated size: 222

D:\2016\npwt_iii_source_code\relese\vr-npwt_s_dis_big_new13_rui_for_eu _false_sin\source\sys_cpu.c
		_SetBlk        		CODE           	60B8	0000	10

D:\2016\npwt_iii_source_code\relese\vr-npwt_s_dis_big_new13_rui_for_eu _false_sin\source\sys_cpu.c estimated size: 10

C:\Program Files\Microchip\xc8\v1.33\sources\common\fldiv.c
		___fldiv       		CODE           	2E48	0000	228

C:\Program Files\Microchip\xc8\v1.33\sources\common\fldiv.c estimated size: 228

D:\2016\npwt_iii_source_code\relese\vr-npwt_s_dis_big_new13_rui_for_eu _false_sin\source\adc.c
		_adc_power_filt		CODE           	505A	0000	140
		_adc_read      		CODE           	591E	0000	102
		_adc_init      		CODE           	6040	0000	20
		_adc_press_filt		CODE           	4FC0	0000	140
		_adc_reader_pow		CODE           	5FE8	0000	24
		_adc_reader_pre		CODE           	5FD0	0000	24

D:\2016\npwt_iii_source_code\relese\vr-npwt_s_dis_big_new13_rui_for_eu _false_sin\source\adc.c estimated size: 450

C:\Program Files\Microchip\xc8\v1.33\sources\common\lwdiv.c
		___lwdiv       		CODE           	5B92	0000	74

C:\Program Files\Microchip\xc8\v1.33\sources\common\lwdiv.c estimated size: 74

C:\Program Files\Microchip\xc8\v1.33\sources\common\awdiv.c
		___awdiv       		CODE           	521C	0000	132

C:\Program Files\Microchip\xc8\v1.33\sources\common\awdiv.c estimated size: 132

C:\Program Files\Microchip\xc8\v1.33\sources\common\double.c
		___flpack      		CODE           	4CFC	0000	176

C:\Program Files\Microchip\xc8\v1.33\sources\common\double.c estimated size: 176

C:\Program Files\Microchip\xc8\v1.33\sources\common\fltol.c
		___fltol       		CODE           	4B7E	0000	180

C:\Program Files\Microchip\xc8\v1.33\sources\common\fltol.c estimated size: 180

D:\2016\npwt_iii_source_code\relese\vr-npwt_s_dis_big_new13_rui_for_eu _false_sin\source\npwt_dis_ifile_key_00.c
		_KEY_Scan      		CODE           	45D8	0000	216
		_MODE_Pro      		CODE           	1096	0000	590
		_MODE_ProA     		CODE           	0088	0000	1770

D:\2016\npwt_iii_source_code\relese\vr-npwt_s_dis_big_new13_rui_for_eu _false_sin\source\npwt_dis_ifile_key_00.c estimated size: 2576

D:\2016\npwt_iii_source_code\relese\vr-npwt_s_dis_big_new13_rui_for_eu _false_sin\source\npwt_dis_sys_uart_00.c
		_UART_Test     		CODE           	4E74	0000	176

D:\2016\npwt_iii_source_code\relese\vr-npwt_s_dis_big_new13_rui_for_eu _false_sin\source\npwt_dis_sys_uart_00.c estimated size: 176

C:\Program Files\Microchip\xc8\v1.33\sources\common\fladd.c
		___fladd       		CODE           	1ABA	0000	380

C:\Program Files\Microchip\xc8\v1.33\sources\common\fladd.c estimated size: 380

D:\2016\npwt_iii_source_code\relese\vr-npwt_s_dis_big_new13_rui_for_eu _false_sin\source\npwt_con_main.c
		_LEVEL_WarnA   		CODE           	5188	0000	148
		_BAT_Warn      		CODE           	54BA	0000	120
		_BAT_WarnFir   		CODE           	5AA6	0000	80

D:\2016\npwt_iii_source_code\relese\vr-npwt_s_dis_big_new13_rui_for_eu _false_sin\source\npwt_con_main.c estimated size: 348

shared
		PL12           		CODE           	0772	0000	12
		PL50           		CODE           	1F18	0000	30
		PL8            		CODE           	12E4	0000	14
		PL268          		CODE           	4DAC	0000	12
		_stop2015      		MEDIUMCONST    	FA03	0000	116
		PL22           		CODE           	2216	0000	30
		PL60           		CODE           	3DF0	0000	26
		_yewm          		MEDIUMCONST    	FBBB	0000	108
		PL178          		CODE           	3586	0000	16
		_draw_lx       		MEDIUMCONST    	FD7D	0000	60
		PL100          		CODE           	4B5A	0000	20
		PL32           		CODE           	0C8A	0000	16
		PL70           		CODE           	3634	0000	26
		PL278          		CODE           	4C32	0000	12
		_pset          		MEDIUMCONST    	FC27	0000	96
		PL200          		CODE           	3E1E	0000	16
		PL42           		CODE           	347E	0000	30
		PL80           		CODE           	07AE	0000	24
		PL188          		CODE           	40AC	0000	16
		_bat000        		MEDIUMCONST    	FDB9	0000	48
		PL110          		CODE           	4098	0000	20
		PL14           		CODE           	2526	0000	12
		PL52           		CODE           	12F2	0000	18
		PL90           		CODE           	1DB4	0000	22
		_arry_desk     		MEDIUMCONST    	D085	0000	1024
		PL210          		CODE           	381A	0000	16
		PL24           		CODE           	2AFE	0000	14
		PL62           		CODE           	3A80	0000	26
		_bat003        		MEDIUMCONST    	FE49	0000	48
		PL198          		CODE           	3FD2	0000	16
		_block         		MEDIUMCONST    	FA77	0000	108
		PL120          		CODE           	4326	0000	20
		PL34           		CODE           	28E8	0000	14
		PL72           		CODE           	3558	0000	26
		__stringdata   		MEDIUMCONST    	FF3A	0000	189
		PL220          		CODE           	45C8	0000	16
		PL44           		CODE           	37FC	0000	30
		PL82           		CODE           	07C6	0000	24
		PL130          		CODE           	3D2E	0000	20
		PL16           		CODE           	150A	0000	16
		PL54           		CODE           	0788	0000	14
		PL92           		CODE           	07DE	0000	22
		_ask           		MEDIUMCONST    	D885	0000	1024
		PL230          		CODE           	2C2A	0000	16
		PL26           		CODE           	1EF4	0000	36
		PL64           		CODE           	39A4	0000	26
		PL102          		CODE           	49C6	0000	20
		PL140          		CODE           	4A90	0000	20
		PL36           		CODE           	279E	0000	20
		PL74           		CODE           	38C8	0000	26
		PL202          		CODE           	0CF6	0000	16
		PL240          		CODE           	0824	0000	14
		PL46           		CODE           	3720	0000	30
		PL84           		CODE           	1304	0000	24
		PL112          		CODE           	3E0A	0000	20
		PL150          		CODE           	1C36	0000	18
		_ASCII         		MEDIUMCONST    	CA85	0000	1536
		PL18           		CODE           	20A8	0000	20
		PL56           		CODE           	28F6	0000	12
		PL94           		CODE           	151A	0000	14
		i2___lwdiv     		CODE           	5BDC	0000	74
		PL212          		CODE           	266C	0000	16
		PL250          		CODE           	504C	0000	14
		PL28           		CODE           	1D72	0000	36
		PL66           		CODE           	3B5C	0000	26
		_arry_ver      		MEDIUMCONST    	D485	0000	1024
		i2___lwtofl    		CODE           	5F5A	0000	42
		_mot_sys       		MEDIUMCONST    	FF09	0000	31
		PL122          		CODE           	48FC	0000	20
		PL160          		CODE           	0CD2	0000	18
		PL38           		CODE           	172A	0000	32
		PL76           		CODE           	27B2	0000	16
		PL222          		CODE           	38F6	0000	16
		PL260          		CODE           	4CF0	0000	12
		PL48           		CODE           	2B0C	0000	30
		PL86           		CODE           	1F36	0000	22
		PL132          		CODE           	38E2	0000	20
		PL170          		CODE           	542E	0000	16
		PL58           		CODE           	3C38	0000	26
		PL96           		CODE           	20CC	0000	14
		_draw_jx       		MEDIUMCONST    	FD3F	0000	62
		_louq          		MEDIUMCONST    	FB4F	0000	108
		PL232          		CODE           	2244	0000	14
		PL270          		CODE           	52A0	0000	10
		PL68           		CODE           	3D14	0000	26
		PL104          		CODE           	3A9A	0000	20
		PL142          		CODE           	3FBE	0000	20
		PL180          		CODE           	3662	0000	16
		PL78           		CODE           	0796	0000	24
		_run2015       		MEDIUMCONST    	FCE3	0000	92
		PL204          		CODE           	2234	0000	16
		PL242          		CODE           	5CEA	0000	14
		PL280          		CODE           	0832	0000	10
		i2___wmul      		CODE           	5FAA	0000	38
		PL88           		CODE           	349C	0000	14
		_bat001        		MEDIUMCONST    	FDE9	0000	48
		PL114          		CODE           	3B76	0000	20
		PL152          		CODE           	2B2A	0000	18
		PL190          		CODE           	4260	0000	16
		PL98           		CODE           	1528	0000	14
		_mod_set2015   		MEDIUMCONST    	E485	0000	1024
		i2___fldiv     		CODE           	32EE	0000	224
		PL214          		CODE           	4414	0000	16
		PL252          		CODE           	2C3A	0000	14
		i2___fltol     		CODE           	4C3E	0000	178
		_bat004        		MEDIUMCONST    	FE79	0000	48
		_key2015       		MEDIUMCONST    	FEC9	0000	32
		PL124          		CODE           	3EE4	0000	20
		PL162          		CODE           	0CE4	0000	18
		__initializatio		CODE           	5334	0000	124
		PL224          		CODE           	4186	0000	16
		PL262          		CODE           	1C48	0000	12
		PL134          		CODE           	44DA	0000	20
		PL172          		CODE           	3B8A	0000	16
		PL234          		CODE           	0818	0000	12
		PL272          		CODE           	2C48	0000	12
		_draw_buz      		MEDIUMCONST    	FEA9	0000	32
		PL106          		CODE           	4172	0000	20
		PL144          		CODE           	4400	0000	20
		PL182          		CODE           	39D2	0000	16
		PL206          		CODE           	373E	0000	16
		PL244          		CODE           	50E6	0000	14
		PL282          		CODE           	131C	0000	10
		_press_set2016 		MEDIUMCONST    	E885	0000	1024
		PL116          		CODE           	424C	0000	20
		PL154          		CODE           	0CAE	0000	18
		PL192          		CODE           	44EE	0000	16
		PL216          		CODE           	3C66	0000	16
		PL254          		CODE           	2D3E	0000	14
		i2___flmul     		CODE           	2C54	0000	218
		PL126          		CODE           	3572	0000	20
		PL164          		CODE           	4B6E	0000	16
		PL226          		CODE           	49DA	0000	16
		PL264          		CODE           	4E68	0000	12
		PL136          		CODE           	0C9A	0000	20
		PL174          		CODE           	4AA4	0000	16
		PL236          		CODE           	267C	0000	14
		PL274          		CODE           	268A	0000	12
		i2___flpack    		CODE           	4DB8	0000	176
		_select        		MEDIUMCONST    	FEE9	0000	32
		PL108          		CODE           	39BE	0000	20
		PL146          		CODE           	1536	0000	18
		PL184          		CODE           	3AAE	0000	16
		PL208          		CODE           	2D2E	0000	16
		PL246          		CODE           	0D06	0000	12
		_tim_set2015   		MEDIUMCONST    	EC85	0000	1024
		_bat002        		MEDIUMCONST    	FE19	0000	48
		PL118          		CODE           	45B4	0000	20
		PL156          		CODE           	0CC0	0000	18
		PL194          		CODE           	3EF8	0000	16
		PL218          		CODE           	4910	0000	16
		PL256          		CODE           	5D2E	0000	14
		_arry_char     		MEDIUMCONST    	F7EF	0000	252
		PL128          		CODE           	3C52	0000	20
		PL166          		CODE           	1F4C	0000	16
		_arry_char2    		MEDIUMCONST    	F517	0000	364
		_arry_char22   		MEDIUMCONST    	F683	0000	364
		PL228          		CODE           	433A	0000	16
		PL266          		CODE           	2D4C	0000	12
		_arry_dig      		MEDIUMCONST    	F98B	0000	120
		_arry_dig40    		MEDIUMCONST    	F085	0000	720
		_arry_dig22    		MEDIUMCONST    	F355	0000	450
		_draw_batwarn  		MEDIUMCONST    	DC85	0000	1024
		_arry_digs12   		MEDIUMCONST    	F8EB	0000	160
		PL138          		CODE           	364E	0000	20
		PL176          		CODE           	1DCA	0000	16
		PL2            		CODE           	14C4	0000	12
		PL238          		CODE           	59D8	0000	14
		PL276          		CODE           	33CE	0000	12
		_lock2015      		MEDIUMCONST    	FF28	0000	18
		_draw_batwarnE 		MEDIUMCONST    	E085	0000	1024
		PL148          		CODE           	07F4	0000	18
		PL186          		CODE           	34AA	0000	16
		PL10           		CODE           	14E4	0000	38
		PL4            		CODE           	2AF4	0000	10
		PL248          		CODE           	27C2	0000	14
		PL20           		CODE           	077E	0000	10
		PL158          		CODE           	0806	0000	18
		PL196          		CODE           	2B3C	0000	16
		_press2015     		MEDIUMCONST    	FC87	0000	92
		PL30           		CODE           	20BC	0000	16
		PL6            		CODE           	14D0	0000	20
		PL258          		CODE           	2F2C	0000	12
		PL40           		CODE           	1D96	0000	30
		_didl          		MEDIUMCONST    	FAE3	0000	108
		PL168          		CODE           	3D42	0000	16

shared estimated size: 17320

D:\2016\npwt_iii_source_code\relese\vr-npwt_s_dis_big_new13_rui_for_eu _false_sin\source\BIOS_JLX1864G_139.c
		_DISP_DigBasic0		CODE           	374E	0000	174
		_DISP_DigBasic4		CODE           	1F5C	0000	332
		_DISP_DigBasic3		CODE           	2696	0000	264
		_DISP_jx       		CODE           	3596	0000	158
		_DISP_block    		CODE           	44FE	0000	182
		_DISP_Ver      		CODE           	56F8	0000	110
		_DISP_select   		CODE           	3FE2	0000	182
		_DISP_8X16ascii		CODE           	5CF8	0000	54
		_DISP_select0  		CODE           	4856	0000	166
		_DISP_press2015		CODE           	3F08	0000	182
		_SYS_IniLcd    		CODE           	2D58	0000	240
		_DISP_yewm     		CODE           	4270	0000	182
		_DISP_Buz      		CODE           	3906	0000	158
		_DISP_BuzClr   		CODE           	4AB4	0000	166
		_DISP_time_set2		CODE           	568A	0000	110
		_DISP_DigBasics		CODE           	2A30	0000	196
		_DISP_key2015  		CODE           	33DA	0000	164
		_DISP_press_set		CODE           	55AA	0000	112
		_DISP_Clear    		CODE           	5B44	0000	78
		_DISP_ClrZero  		CODE           	52AA	0000	138
		_DISP_stop2015 		CODE           	3E2E	0000	182
		_DISP_mod_set20		CODE           	561A	0000	112
		_DISP_Bat000   		CODE           	3D52	0000	158
		_DISP_Bat001   		CODE           	3C76	0000	158
		_DISP_Bat002   		CODE           	3B9A	0000	158
		_DISP_Bat003   		CODE           	3ABE	0000	158
		_DISP_Bat004   		CODE           	39E2	0000	158
		_DISP_ask      		CODE           	57D4	0000	110
		_DISP_Lock     		CODE           	382A	0000	158
		_DISP_louq     		CODE           	434A	0000	182
		_DISP_BatWarnC 		CODE           	58B0	0000	110
		_DISP_BatWarnE 		CODE           	5842	0000	110
		_DISP_Bat00Clr 		CODE           	49EA	0000	166
		_DISP_Fu       		CODE           	5A46	0000	96
		_DISP_Fu1      		CODE           	59E6	0000	96
		_DISP_LockClr  		CODE           	4920	0000	166
		_BIOS_JLX12864_		CODE           	608A	0000	18
		_BIOS_JLX12864_		CODE           	5DB6	0000	54
		_DISP_cha7s    		CODE           	5CB4	0000	54
		_BIOS_JLX12864_		CODE           	6078	0000	18
		_DISP_Dig0     		CODE           	20DA	0000	316
		_DISP_Dig1     		CODE           	3114	0000	238
		_DISP_didl     		CODE           	4424	0000	182
		_DISP_pset     		CODE           	40BC	0000	182
		_DISP_Dig18_40 		CODE           	27D0	0000	280
		_DISP_Dig15_32 		CODE           	2902	0000	302
		_DISP_Dig12_16 		CODE           	3026	0000	238
		_DISP_Dig14_16 		CODE           	2F38	0000	238
		_DISP_lx       		CODE           	34BA	0000	158
		_DISP_ChaBasic 		CODE           	1DDA	0000	282
		_DISP_run2015  		CODE           	4196	0000	182
		_DISP_ChaBasic2		CODE           	2532	0000	314
		_DISP_DigBasic 		CODE           	1C54	0000	286
		_DISP_ChaBasic2		CODE           	1326	0000	414
		_DISP_Sys100   		CODE           	5766	0000	110
		_DISP_DigBasic0		CODE           	3672	0000	174

D:\2016\npwt_iii_source_code\relese\vr-npwt_s_dis_big_new13_rui_for_eu _false_sin\source\BIOS_JLX1864G_139.c estimated size: 9666

D:\2016\npwt_iii_source_code\relese\vr-npwt_s_dis_big_new13_rui_for_eu _false_sin\source\npwt_dis_ofile_lcd_02.c
		_DISP_Erra     		CODE           	46B0	0000	212
		_DISP_SetA_new 		CODE           	083C	0000	1102
		_DISP_MainA    		CODE           	0D12	0000	900
		_DISP_LixA     		CODE           	191C	0000	414
		_DISP_Bat      		CODE           	3202	0000	236
		_disp_filter   		CODE           	53BA	0000	116
		_DISP_Led      		CODE           	6016	0000	22
		_DISP_JixA     		CODE           	174A	0000	466
		_DISP_Info     		CODE           	5DEC	0000	54

D:\2016\npwt_iii_source_code\relese\vr-npwt_s_dis_big_new13_rui_for_eu _false_sin\source\npwt_dis_ofile_lcd_02.c estimated size: 3522

C:\Program Files\Microchip\xc8\v1.33\sources\common\lwtofl.c
		___lwtofl      		CODE           	5F06	0000	42

C:\Program Files\Microchip\xc8\v1.33\sources\common\lwtofl.c estimated size: 42

D:\2016\npwt_iii_source_code\relese\vr-npwt_s_dis_big_new13_rui_for_eu _false_sin\source\npwt_con_ofile_load_00.c
		_OPEN_PwmA     		CODE           	60D2	0000	6
		_CLS_PwmA      		CODE           	60CA	0000	8
		_PRESS_ConA    		CODE           	5984	0000	84
		_PRESS_ConSubA 		CODE           	2252	0000	376

D:\2016\npwt_iii_source_code\relese\vr-npwt_s_dis_big_new13_rui_for_eu _false_sin\source\npwt_con_ofile_load_00.c estimated size: 474

D:\2016\npwt_iii_source_code\relese\vr-npwt_s_dis_big_new13_rui_for_eu _false_sin\source\npwt_con_ifile_adc.c
		_ADC_DatCal    		CODE           	5C26	0000	72
		_ADC_Ps90      		CODE           	60DC	0000	4

D:\2016\npwt_iii_source_code\relese\vr-npwt_s_dis_big_new13_rui_for_eu _false_sin\source\npwt_con_ifile_adc.c estimated size: 76

C:\Program Files\Microchip\xc8\v1.33\sources\common\Umul16.c
		___wmul        		CODE           	5F84	0000	38

C:\Program Files\Microchip\xc8\v1.33\sources\common\Umul16.c estimated size: 38

D:\2016\npwt_iii_source_code\relese\vr-npwt_s_dis_big_new13_rui_for_eu _false_sin\source\npwt_dis_main.c
		_AUDIO_Sub     		CODE           	50F4	0000	148
		_main          		CODE           	23CA	0000	348
		_AUDIO         		CODE           	4784	0000	210
		_BUZ_Cls       		CODE           	609C	0000	16
		_Warn          		CODE           	5AF6	0000	78
		_SYS_DatIni    		CODE           	5C6E	0000	70
		_BUZ_KeyCls    		CODE           	6054	0000	18
		_AUDIO_Key     		CODE           	5F30	0000	42
		_spk_bee_server		CODE           	5D7A	0000	60
		_bee_three     		CODE           	543E	0000	124

D:\2016\npwt_iii_source_code\relese\vr-npwt_s_dis_big_new13_rui_for_eu _false_sin\source\npwt_dis_main.c estimated size: 1114

D:\2016\npwt_iii_source_code\relese\vr-npwt_s_dis_big_new13_rui_for_eu _false_sin\source\npwt_dis_sys_ini_00.c
		_SYS_TMR0_Ini  		CODE           	6000	0000	22
		_SYS_TMR3_Ini  		CODE           	60C2	0000	8
		_Isr           		CODE           	0008	0000	124
		_SYS_IO_Ini    		CODE           	5E58	0000	44
		_SYS_OSC_Ini   		CODE           	60AC	0000	12

D:\2016\npwt_iii_source_code\relese\vr-npwt_s_dis_big_new13_rui_for_eu _false_sin\source\npwt_dis_sys_ini_00.c estimated size: 210

C:\Program Files\Microchip\xc8\v1.33\sources\common\lwmod.c
		___lwmod       		CODE           	5D3C	0000	62

C:\Program Files\Microchip\xc8\v1.33\sources\common\lwmod.c estimated size: 62

